###############################################################################
#
# IAR ELF Linker V3.11.1.207 for STM8                     10/Jul/2023  16:27:06
# Copyright 2010-2019 IAR Systems AB.
#
#    Output file  =  
#        C:\Users\buuna\OneDrive -
#        marun.edu.tr\Masaüstü\Stm8Iar\testiar\Debug\Exe\test.out
#    Map file     =  
#        C:\Users\buuna\OneDrive -
#        marun.edu.tr\Masaüstü\Stm8Iar\testiar\Debug\List\test.map
#    Command line =  
#        -f C:\Users\buuna\AppData\Local\Temp\EW68B0.tmp
#        ("C:\Users\buuna\OneDrive -
#        marun.edu.tr\Masaüstü\Stm8Iar\testiar\Debug\Obj\main.o"
#        "C:\Users\buuna\OneDrive -
#        marun.edu.tr\Masaüstü\Stm8Iar\testiar\Debug\Obj\stm8s_adc1.o"
#        "C:\Users\buuna\OneDrive -
#        marun.edu.tr\Masaüstü\Stm8Iar\testiar\Debug\Obj\stm8s_awu.o"
#        "C:\Users\buuna\OneDrive -
#        marun.edu.tr\Masaüstü\Stm8Iar\testiar\Debug\Obj\stm8s_beep.o"
#        "C:\Users\buuna\OneDrive -
#        marun.edu.tr\Masaüstü\Stm8Iar\testiar\Debug\Obj\stm8s_clk.o"
#        "C:\Users\buuna\OneDrive -
#        marun.edu.tr\Masaüstü\Stm8Iar\testiar\Debug\Obj\stm8s_exti.o"
#        "C:\Users\buuna\OneDrive -
#        marun.edu.tr\Masaüstü\Stm8Iar\testiar\Debug\Obj\stm8s_flash.o"
#        "C:\Users\buuna\OneDrive -
#        marun.edu.tr\Masaüstü\Stm8Iar\testiar\Debug\Obj\stm8s_gpio.o"
#        "C:\Users\buuna\OneDrive -
#        marun.edu.tr\Masaüstü\Stm8Iar\testiar\Debug\Obj\stm8s_i2c.o"
#        "C:\Users\buuna\OneDrive -
#        marun.edu.tr\Masaüstü\Stm8Iar\testiar\Debug\Obj\stm8s_it.o"
#        "C:\Users\buuna\OneDrive -
#        marun.edu.tr\Masaüstü\Stm8Iar\testiar\Debug\Obj\stm8s_itc.o"
#        "C:\Users\buuna\OneDrive -
#        marun.edu.tr\Masaüstü\Stm8Iar\testiar\Debug\Obj\stm8s_iwdg.o"
#        "C:\Users\buuna\OneDrive -
#        marun.edu.tr\Masaüstü\Stm8Iar\testiar\Debug\Obj\stm8s_rst.o"
#        "C:\Users\buuna\OneDrive -
#        marun.edu.tr\Masaüstü\Stm8Iar\testiar\Debug\Obj\stm8s_spi.o"
#        "C:\Users\buuna\OneDrive -
#        marun.edu.tr\Masaüstü\Stm8Iar\testiar\Debug\Obj\stm8s_tim1.o"
#        "C:\Users\buuna\OneDrive -
#        marun.edu.tr\Masaüstü\Stm8Iar\testiar\Debug\Obj\stm8s_tim2.o"
#        "C:\Users\buuna\OneDrive -
#        marun.edu.tr\Masaüstü\Stm8Iar\testiar\Debug\Obj\stm8s_tim4.o"
#        "C:\Users\buuna\OneDrive -
#        marun.edu.tr\Masaüstü\Stm8Iar\testiar\Debug\Obj\stm8s_uart1.o"
#        "C:\Users\buuna\OneDrive -
#        marun.edu.tr\Masaüstü\Stm8Iar\testiar\Debug\Obj\stm8s_wwdg.o"
#        --redirect _Printf=_PrintfFullNoMb --redirect _Scanf=_ScanfFullNoMb
#        --no_out_extension -o "C:\Users\buuna\OneDrive -
#        marun.edu.tr\Masaüstü\Stm8Iar\testiar\Debug\Exe\test.out" --map
#        "C:\Users\buuna\OneDrive -
#        marun.edu.tr\Masaüstü\Stm8Iar\testiar\Debug\List\test.map" --config
#        "C:\Program Files (x86)\IAR Systems\Embedded Workbench
#        8.3\stm8\config\lnkstm8s001j3.icf" --config_def _CSTACK_SIZE=0x100
#        --config_def _HEAP_SIZE=0x100 --entry __iar_program_start --debug_lib)
#
###############################################################################

*******************************************************************************
*** RUNTIME MODEL ATTRIBUTES
***

__SystemLibrary            = DLib
__code_model               = small
__core                     = stm8
__data_model               = medium
__dlib_file_descriptor     = 0
__dlib_full_locale_support = 0
__rt_version               = 4


*******************************************************************************
*** PLACEMENT SUMMARY
***

"A0":  place at start of [0x000000-0x0000ff] { rw section .vregs };
"A1":  place at end of [0x000000-0x0003ff] { block CSTACK };
"P2":  place in [from 0x000000 to 0x0003ff] {
          block HEAP, rw section __DLIB_PERTHREAD, rw section .far.bss,
          rw section .far.data, rw section .far.noinit,
          rw section .far_func.textrw, rw section .huge.bss,
          rw section .huge.data, rw section .huge.noinit,
          rw section .huge_func.textrw, rw section .iar.dynexit,
          rw section .near.bss, rw section .near.data, rw section .near.noinit,
          rw section .near_func.textrw };
"A2":  place at start of [0x008000-0x009fff] { block INTVEC };
"P3":  place in [from 0x008000 to 0x009fff] {
          ro section __DLIB_PERTHREAD_init, ro section .far.data_init,
          ro section .far_func.textrw_init, ro section .huge.data_init,
          ro section .huge_func.textrw_init, ro section .iar.init_table,
          ro section .init_array, ro section .near.data_init,
          ro section .near.rodata, ro section .near_func.text,
          ro section .near_func.textrw_init, ro section .tiny.data_init,
          ro section .tiny.rodata_init };
"P4":  place in [from 0x008000 to 0x009fff] {
          ro section .far.rodata, ro section .far_func.text };
"P5":  place in [from 0x008000 to 0x009fff] {
          ro section .huge.rodata, ro section .huge_func.text };
do not initialize {
   rw section .eeprom.noinit, rw section .far.noinit, rw section .huge.noinit,
   rw section .near.noinit, rw section .tiny.noinit, rw section .vregs };

No sections matched the following patterns:

  ro section .far.data_init          in "P3-P5"
  ro section .far.rodata             in "P3-P5"
  ro section .far_func.text          in "P3-P5"
  ro section .far_func.textrw_init   in "P3-P5"
  ro section .huge.data_init         in "P3-P5"
  ro section .huge.rodata            in "P3-P5"
  ro section .huge_func.text         in "P3-P5"
  ro section .huge_func.textrw_init  in "P3-P5"
  ro section .iar.init_table         in "P3-P5"
  ro section .init_array             in "P3-P5"
  ro section .near.data_init         in "P3-P5"
  ro section .near_func.textrw_init  in "P3-P5"
  ro section .tiny.data_init         in "P3-P5"
  ro section .tiny.rodata_init       in "P3-P5"
  ro section __DLIB_PERTHREAD_init   in "P3-P5"
  rw section .far.bss                in "P2"
  rw section .far.data               in "P2"
  rw section .far.noinit             in "P2"
  rw section .far_func.textrw        in "P2"
  rw section .huge.bss               in "P2"
  rw section .huge.data              in "P2"
  rw section .huge.noinit            in "P2"
  rw section .huge_func.textrw       in "P2"
  rw section .iar.dynexit            in "P2"
  rw section .near.data              in "P2"
  rw section .near.noinit            in "P2"
  rw section .near_func.textrw       in "P2"
  rw section .tiny.bss               in "P1"
  rw section .tiny.data              in "P1"
  rw section .tiny.noinit            in "P1"
  rw section .tiny.rodata            in "P1"
  rw section __DLIB_PERTHREAD        in "P2"
  section .eeprom.data               in "P6-P8"
  section .eeprom.noinit             in "P6-P8"
  section .eeprom.rodata             in "P6-P8"


  Section          Kind      Address   Size  Object
  -------          ----      -------   ----  ------
"A0":                                  0x10
  .vregs           uninit   0x000000   0x10  vregs.o [4]
                          - 0x000010   0x10

"P2":                                   0x2
  .near.bss        zero     0x000010    0x2  main.o [1]
                          - 0x000012    0x2

"A1":                                 0x100
  CSTACK                    0x000300  0x100  <Block>
    CSTACK         uninit   0x000300  0x100  <Block tail>
                          - 0x000400  0x100

"A2":                                  0x80
  INTVEC                    0x008000   0x80  <Block>
    .intvec        const    0x008000   0x80  interrupt.o [4]
                          - 0x008080   0x80

"P3-P5":                              0xdf2
  .near_func.text  ro code  0x008080  0x19a  stm8s_adc1.o [1]
  .near_func.text  ro code  0x00821a  0x110  stm8s_gpio.o [1]
  .near_func.text  ro code  0x00832a   0xfc  stm8s_adc1.o [1]
  .near_func.text  ro code  0x008426   0xd2  vreg_util.o [4]
  .near_func.text  ro code  0x0084f8   0xbe  stm8s_adc1.o [1]
  .near_func.text  ro code  0x0085b6   0xb7  stm8s_adc1.o [1]
  .near_func.text  ro code  0x00866d   0xa9  stm8s_awu.o [1]
  .near_func.text  ro code  0x008716   0xa6  long.o [4]
  .near_func.text  ro code  0x0087bc   0x8b  stm8s_clk.o [1]
  .near_func.text  ro code  0x008847   0x88  stm8s_awu.o [1]
  .near.rodata     const    0x0088cf   0x5b  stm8s_adc1.o [1]
  .near.rodata     const    0x00892a   0x5b  stm8s_gpio.o [1]
  .near.rodata     const    0x008985   0x5a  stm8s_awu.o [1]
  .near.rodata     const    0x0089df   0x5a  stm8s_clk.o [1]
  .near_func.text  ro code  0x008a39   0x59  stm8s_adc1.o [1]
  .near_func.text  ro code  0x008a92   0x58  main.o [1]
  .near_func.text  ro code  0x008aea   0x55  stm8s_adc1.o [1]
  .near_func.text  ro code  0x008b3f   0x55  stm8s_adc1.o [1]
  .near_func.text  ro code  0x008b94   0x4c  main.o [1]
  .near_func.text  ro code  0x008be0   0x3a  main.o [1]
  .near_func.text  ro code  0x008c1a   0x31  stm8s_adc1.o [1]
  .near_func.text  ro code  0x008c4b   0x2f  stm8s_adc1.o [1]
  .near_func.text  ro code  0x008c7a   0x2f  stm8s_clk.o [1]
  .near_func.text  ro code  0x008ca9   0x2f  stm8s_clk.o [1]
  .near_func.text  ro code  0x008cd8   0x2f  stm8s_clk.o [1]
  .near_func.text  ro code  0x008d07   0x2d  short.o [4]
  .iar.init_table  const    0x008d34    0x8  - Linker created -
  .near_func.text  ro code  0x008d3c   0x1e  init_small.o [4]
  .near_func.text  ro code  0x008d5a   0x18  main.o [1]
  .near_func.text  ro code  0x008d72   0x18  dc_util.o [4]
  .near_func.text  ro code  0x008d8a   0x16  main.o [1]
  .near_func.text  ro code  0x008da0   0x16  stm8s_it.o [1]
  .near_func.text  ro code  0x008db6   0x14  init.o [4]
  .near_func.text  ro code  0x008dca   0x14  __dbg_xxexit.o [3]
  .near_func.text  ro code  0x008dde   0x13  cstartup.o [4]
  .near.rodata     const    0x008df1   0x11  stm8s_awu.o [1]
  .near.rodata     const    0x008e02   0x11  stm8s_awu.o [1]
  .near_func.text  ro code  0x008e13    0xd  stm8s_awu.o [1]
  .near_func.text  ro code  0x008e20    0xc  long_util.o [4]
  .near_func.text  ro code  0x008e2c    0x9  stm8s_awu.o [1]
  .near_func.text  ro code  0x008e35    0x7  stm8s_gpio.o [1]
  .near_func.text  ro code  0x008e3c    0x5  stm8s_adc1.o [1]
  .near_func.text  ro code  0x008e41    0x5  char.o [4]
  .near_func.text  ro code  0x008e46    0x5  cexit.o [4]
  .near_func.text  ro code  0x008e4b    0x4  stm8s_gpio.o [1]
  .near_func.text  ro code  0x008e4f    0x3  interrupt.o [4]
  .near_func.text  ro code  0x008e52    0x3  low_level_init.o [4]
  .near_func.text  ro code  0x008e55    0x3  exit.o [4]
  .near_func.text  ro code  0x008e58    0x3  unhandled_exception.o [4]
  .near_func.text  ro code  0x008e5b    0x2  main.o [1]
  .near_func.text  ro code  0x008e5d    0x1  stm8s_it.o [1]
  .near_func.text  ro code  0x008e5e    0x1  stm8s_it.o [1]
  .near_func.text  ro code  0x008e5f    0x1  stm8s_it.o [1]
  .near_func.text  ro code  0x008e60    0x1  stm8s_it.o [1]
  .near_func.text  ro code  0x008e61    0x1  stm8s_it.o [1]
  .near_func.text  ro code  0x008e62    0x1  stm8s_it.o [1]
  .near_func.text  ro code  0x008e63    0x1  stm8s_it.o [1]
  .near_func.text  ro code  0x008e64    0x1  stm8s_it.o [1]
  .near_func.text  ro code  0x008e65    0x1  stm8s_it.o [1]
  .near_func.text  ro code  0x008e66    0x1  stm8s_it.o [1]
  .near_func.text  ro code  0x008e67    0x1  stm8s_it.o [1]
  .near_func.text  ro code  0x008e68    0x1  stm8s_it.o [1]
  .near_func.text  ro code  0x008e69    0x1  stm8s_it.o [1]
  .near_func.text  ro code  0x008e6a    0x1  stm8s_it.o [1]
  .near_func.text  ro code  0x008e6b    0x1  stm8s_it.o [1]
  .near_func.text  ro code  0x008e6c    0x1  stm8s_it.o [1]
  .near_func.text  ro code  0x008e6d    0x1  stm8s_it.o [1]
  .near_func.text  ro code  0x008e6e    0x1  stm8s_it.o [1]
  .near_func.text  ro code  0x008e6f    0x1  stm8s_it.o [1]
  .near_func.text  ro code  0x008e70    0x1  stm8s_it.o [1]
  .near_func.text  ro code  0x008e71    0x1  __dbg_break.o [3]
                          - 0x008e72  0xdf2


*******************************************************************************
*** INIT TABLE
***

          Address   Size
          -------   ----
Zero (__iar_zero_init2)
    1 destination range, total size 0x2:
          0x000010   0x2



*******************************************************************************
*** MODULE SUMMARY
***

    Module                 ro code  ro data  rw data
    ------                 -------  -------  -------
C:\Users\buuna\OneDrive - marun.edu.tr\Masaüstü\Stm8Iar\testiar\Debug\Obj: [1]
    main.o                     270                 2
    stm8s_adc1.o             1 395       91
    stm8s_awu.o                327      124
    stm8s_clk.o                280       90
    stm8s_gpio.o               283       91
    stm8s_it.o                  42
    ------------------------------------------------
    Total:                   2 597      396        2

command line: [2]
    ------------------------------------------------
    Total:

dbgstm8smd.a: [3]
    __dbg_break.o                1
    __dbg_xxexit.o              20
    ------------------------------------------------
    Total:                      21

dlstm8smn.a: [4]
    cexit.o                      5
    char.o                       5
    cstartup.o                  19
    dc_util.o                   24
    exit.o                       3
    init.o                      20
    init_small.o                30
    interrupt.o                  3      128
    long.o                     166
    long_util.o                 12
    low_level_init.o             3
    short.o                     45
    unhandled_exception.o        3
    vreg_util.o                210
    vregs.o                                       16
    ------------------------------------------------
    Total:                     548      128       16

    Linker created                        8      256
----------------------------------------------------
    Grand Total:             3 166      532      274


*******************************************************************************
*** ENTRY LIST
***

Entry                    Address   Size  Type      Object
-----                    -------   ----  ----      ------
.iar.init_table$$Base   0x008d34          --   Gb  - Linker created -
.iar.init_table$$Limit  0x008d3c          --   Gb  - Linker created -
?b0                     0x000000         Data  Gb  vregs.o [4]
?b1                     0x000001         Data  Gb  vregs.o [4]
?b10                    0x00000a         Data  Gb  vregs.o [4]
?b11                    0x00000b         Data  Gb  vregs.o [4]
?b12                    0x00000c         Data  Gb  vregs.o [4]
?b13                    0x00000d         Data  Gb  vregs.o [4]
?b14                    0x00000e         Data  Gb  vregs.o [4]
?b15                    0x00000f         Data  Gb  vregs.o [4]
?b2                     0x000002         Data  Gb  vregs.o [4]
?b3                     0x000003         Data  Gb  vregs.o [4]
?b4                     0x000004         Data  Gb  vregs.o [4]
?b5                     0x000005         Data  Gb  vregs.o [4]
?b6                     0x000006         Data  Gb  vregs.o [4]
?b7                     0x000007         Data  Gb  vregs.o [4]
?b8                     0x000008         Data  Gb  vregs.o [4]
?b9                     0x000009         Data  Gb  vregs.o [4]
?dc32_l1                0x008d72         Code  Gb  dc_util.o [4]
?dc32_px                0x008d7f         Code  Gb  dc_util.o [4]
?dec32_0x_0x            0x00871b         Code  Gb  long.o [4]
?dec32_l0_l0            0x008716         Code  Gb  long.o [4]
?e0                     0x000001         Data  Gb  vregs.o [4]
?e1                     0x000005         Data  Gb  vregs.o [4]
?e2                     0x000009         Data  Gb  vregs.o [4]
?e3                     0x00000d         Data  Gb  vregs.o [4]
?epilogue_l2            0x0084b5         Code  Gb  vreg_util.o [4]
?epilogue_l2_l3         0x0084b2         Code  Gb  vreg_util.o [4]
?epilogue_w4            0x0084b9         Code  Gb  vreg_util.o [4]
?l0                     0x000000         Data  Gb  vregs.o [4]
?l1                     0x000004         Data  Gb  vregs.o [4]
?l2                     0x000008         Data  Gb  vregs.o [4]
?l3                     0x00000c         Data  Gb  vregs.o [4]
?load32_l1_0x           0x008e20         Code  Gb  long_util.o [4]
?mov_e0_e1              0x0084c7         Code  Gb  vreg_util.o [4]
?mov_e0_e2              0x0084d4         Code  Gb  vreg_util.o [4]
?mov_e1_e0              0x0084e1         Code  Gb  vreg_util.o [4]
?mov_e2_e0              0x0084ee         Code  Gb  vreg_util.o [4]
?mov_l0_l1              0x0084c4         Code  Gb  vreg_util.o [4]
?mov_l0_l2              0x0084d1         Code  Gb  vreg_util.o [4]
?mov_l1_l0              0x0084de         Code  Gb  vreg_util.o [4]
?mov_l2_l0              0x0084eb         Code  Gb  vreg_util.o [4]
?mov_w1_w3              0x0084ca         Code  Gb  vreg_util.o [4]
?mov_w1_w5              0x0084d7         Code  Gb  vreg_util.o [4]
?mov_w2_w1              0x0084bd         Code  Gb  vreg_util.o [4]
?mov_w3_w1              0x0084e4         Code  Gb  vreg_util.o [4]
?mov_w5_w1              0x0084f1         Code  Gb  vreg_util.o [4]
?mul16_x_x_w0           0x008d07         Code  Gb  short.o [4]
?pop_l0                 0x00847e         Code  Gb  vreg_util.o [4]
?pop_l1                 0x008489         Code  Gb  vreg_util.o [4]
?pop_l2                 0x008494         Code  Gb  vreg_util.o [4]
?pop_l3                 0x00849f         Code  Gb  vreg_util.o [4]
?pop_w4                 0x00843e         Code  Gb  vreg_util.o [4]
?push_l0                0x00844d         Code  Gb  vreg_util.o [4]
?push_l1                0x008452         Code  Gb  vreg_util.o [4]
?push_l2                0x008457         Code  Gb  vreg_util.o [4]
?push_l3                0x00845c         Code  Gb  vreg_util.o [4]
?push_w4                0x008426         Code  Gb  vreg_util.o [4]
?sll16_x_x_4            0x008d2f         Code  Gb  short.o [4]
?sll16_x_x_5            0x008d2e         Code  Gb  short.o [4]
?sll16_x_x_6            0x008d2d         Code  Gb  short.o [4]
?sll16_x_x_a            0x008d25         Code  Gb  short.o [4]
?srl8_a_a_5             0x008e41         Code  Gb  char.o [4]
?sub32_l0_l0_0x         0x008734         Code  Gb  long.o [4]
?sub32_l0_l0_dl         0x00872f         Code  Gb  long.o [4]
?udiv32_l0_l0_dl        0x00874c         Code  Gb  long.o [4]
?udiv32_l0_l0_l1        0x00874f         Code  Gb  long.o [4]
?umod32_l1_l0_l1        0x00874f         Code  Gb  long.o [4]
?w0                     0x000000         Data  Gb  vregs.o [4]
?w1                     0x000002         Data  Gb  vregs.o [4]
?w2                     0x000004         Data  Gb  vregs.o [4]
?w3                     0x000006         Data  Gb  vregs.o [4]
?w4                     0x000008         Data  Gb  vregs.o [4]
?w5                     0x00000a         Data  Gb  vregs.o [4]
?w6                     0x00000c         Data  Gb  vregs.o [4]
?w7                     0x00000e         Data  Gb  vregs.o [4]
ADC1_ClearFlag          0x0085b6   0xb7  Code  Gb  stm8s_adc1.o [1]
ADC1_Cmd                0x008c4b   0x2f  Code  Gb  stm8s_adc1.o [1]
ADC1_ConversionConfig   0x0084f8   0xbe  Code  Gb  stm8s_adc1.o [1]
ADC1_DeInit             0x008c1a   0x31  Code  Gb  stm8s_adc1.o [1]
ADC1_ExternalTriggerConfig
                        0x008a39   0x59  Code  Gb  stm8s_adc1.o [1]
ADC1_GetConversionValue
                        0x008b3f   0x55  Code  Gb  stm8s_adc1.o [1]
ADC1_IRQHandler         0x008e6e    0x1  Code  Gb  stm8s_it.o [1]
ADC1_Init               0x008080  0x19a  Code  Gb  stm8s_adc1.o [1]
ADC1_PrescalerConfig    0x008aea   0x55  Code  Gb  stm8s_adc1.o [1]
ADC1_SchmittTriggerConfig
                        0x00832a   0xfc  Code  Gb  stm8s_adc1.o [1]
ADC1_StartConversion    0x008e3c    0x5  Code  Gb  stm8s_adc1.o [1]
ADC_Halt_Blink          0x008b94   0x4c  Code  Gb  main.o [1]
APR_Array               0x008df1   0x11  Data  Gb  stm8s_awu.o [1]
AWU_Cmd                 0x008e13    0xd  Code  Gb  stm8s_awu.o [1]
AWU_Config              0x008d8a   0x16  Code  Gb  main.o [1]
AWU_GetFlagStatus       0x008e2c    0x9  Code  Gb  stm8s_awu.o [1]
AWU_IRQHandler          0x008da0   0x16  Code  Gb  stm8s_it.o [1]
AWU_Init                0x00866d   0xa9  Code  Gb  stm8s_awu.o [1]
AWU_LSICalibrationConfig
                        0x008847   0x88  Code  Gb  stm8s_awu.o [1]
CLK_HSECmd              0x008c7a   0x2f  Code  Gb  stm8s_clk.o [1]
CLK_HSICmd              0x008ca9   0x2f  Code  Gb  stm8s_clk.o [1]
CLK_IRQHandler          0x008e5f    0x1  Code  Gb  stm8s_it.o [1]
CLK_LSICmd              0x008cd8   0x2f  Code  Gb  stm8s_clk.o [1]
CLK_SYSCLKConfig        0x0087bc   0x8b  Code  Gb  stm8s_clk.o [1]
CSTACK$$Base            0x000300          --   Gb  - Linker created -
CSTACK$$Limit           0x000400          --   Gb  - Linker created -
EEPROM_EEC_IRQHandler   0x008e70    0x1  Code  Gb  stm8s_it.o [1]
EXTI_PORTA_IRQHandler   0x008e60    0x1  Code  Gb  stm8s_it.o [1]
EXTI_PORTB_IRQHandler   0x008e61    0x1  Code  Gb  stm8s_it.o [1]
EXTI_PORTC_IRQHandler   0x008e62    0x1  Code  Gb  stm8s_it.o [1]
EXTI_PORTD_IRQHandler   0x008e63    0x1  Code  Gb  stm8s_it.o [1]
EXTI_PORTE_IRQHandler   0x008e64    0x1  Code  Gb  stm8s_it.o [1]
EXTI_PORTF_IRQHandler   0x008e65    0x1  Code  Gb  stm8s_it.o [1]
GPIO_Init               0x00821a  0x110  Code  Gb  stm8s_gpio.o [1]
GPIO_WriteHigh          0x008e35    0x7  Code  Gb  stm8s_gpio.o [1]
GPIO_WriteLow           0x008e4b    0x4  Code  Gb  stm8s_gpio.o [1]
I2C_IRQHandler          0x008e6d    0x1  Code  Gb  stm8s_it.o [1]
INTVEC$$Base            0x008000          --   Gb  - Linker created -
INTVEC$$Limit           0x008080          --   Gb  - Linker created -
Region$$Table$$Base     0x008d34          --   Gb  - Linker created -
Region$$Table$$Limit    0x008d3c          --   Gb  - Linker created -
SPI_IRQHandler          0x008e66    0x1  Code  Gb  stm8s_it.o [1]
TBR_Array               0x008e02   0x11  Data  Gb  stm8s_awu.o [1]
TIM1_CAP_COM_IRQHandler
                        0x008e68    0x1  Code  Gb  stm8s_it.o [1]
TIM1_UPD_OVF_TRG_BRK_IRQHandler
                        0x008e67    0x1  Code  Gb  stm8s_it.o [1]
TIM5_CAP_COM_IRQHandler
                        0x008e6a    0x1  Code  Gb  stm8s_it.o [1]
TIM5_UPD_OVF_BRK_TRG_IRQHandler
                        0x008e69    0x1  Code  Gb  stm8s_it.o [1]
TIM6_UPD_OVF_TRG_IRQHandler
                        0x008e6f    0x1  Code  Gb  stm8s_it.o [1]
TLI_IRQHandler          0x008e5e    0x1  Code  Gb  stm8s_it.o [1]
TRAP_IRQHandler         0x008e5d    0x1  Code  Gb  stm8s_it.o [1]
UART1_RX_IRQHandler     0x008e6c    0x1  Code  Gb  stm8s_it.o [1]
UART1_TX_IRQHandler     0x008e6b    0x1  Code  Gb  stm8s_it.o [1]
__DebugBreak            0x008e71    0x1  Code  Gb  __dbg_break.o [3]
__exit                  0x008dca   0x14  Code  Gb  __dbg_xxexit.o [3]
__iar_data_init2        0x008db6   0x14  Code  Gb  init.o [4]
__iar_program_start     0x008dde         Code  Gb  cstartup.o [4]
__iar_unhandled_exception
                        0x008e58         Code  Gb  unhandled_exception.o [4]
__iar_zero_init2        0x008d3c         Code  Gb  init_small.o [4]
__intvec                0x008000         Data  Gb  interrupt.o [4]
__low_level_init        0x008e52    0x3  Code  Gb  low_level_init.o [4]
_exit                   0x008e46         Code  Gb  cexit.o [4]
_interrupt_1            0x008e5d         Code  Gb  stm8s_it.o [1]
_interrupt_10           0x008e65         Code  Gb  stm8s_it.o [1]
_interrupt_12           0x008e66         Code  Gb  stm8s_it.o [1]
_interrupt_13           0x008e67         Code  Gb  stm8s_it.o [1]
_interrupt_14           0x008e68         Code  Gb  stm8s_it.o [1]
_interrupt_15           0x008e69         Code  Gb  stm8s_it.o [1]
_interrupt_16           0x008e6a         Code  Gb  stm8s_it.o [1]
_interrupt_19           0x008e6b         Code  Gb  stm8s_it.o [1]
_interrupt_2            0x008e5e         Code  Gb  stm8s_it.o [1]
_interrupt_20           0x008e6c         Code  Gb  stm8s_it.o [1]
_interrupt_21           0x008e6d         Code  Gb  stm8s_it.o [1]
_interrupt_24           0x008e6e         Code  Gb  stm8s_it.o [1]
_interrupt_25           0x008e6f         Code  Gb  stm8s_it.o [1]
_interrupt_26           0x008e70         Code  Gb  stm8s_it.o [1]
_interrupt_3            0x008da0         Code  Gb  stm8s_it.o [1]
_interrupt_4            0x008e5f         Code  Gb  stm8s_it.o [1]
_interrupt_5            0x008e60         Code  Gb  stm8s_it.o [1]
_interrupt_6            0x008e61         Code  Gb  stm8s_it.o [1]
_interrupt_7            0x008e62         Code  Gb  stm8s_it.o [1]
_interrupt_8            0x008e63         Code  Gb  stm8s_it.o [1]
_interrupt_9            0x008e64         Code  Gb  stm8s_it.o [1]
adcValue                0x000010    0x2  Data  Gb  main.o [1]
assert_failed           0x008e5b    0x2  Code  Gb  main.o [1]
delay                   0x008d5a   0x18  Code  Gb  main.o [1]
exit                    0x008e55    0x3  Code  Gb  exit.o [4]
main                    0x008a92   0x58  Code  Gb  main.o [1]
multi_blink             0x008be0   0x3a  Code  Gb  main.o [1]


[1] = C:\Users\buuna\OneDrive - marun.edu.tr\Masaüstü\Stm8Iar\testiar\Debug\Obj
[2] = command line
[3] = dbgstm8smd.a
[4] = dlstm8smn.a

  3 166 bytes of readonly  code memory
    532 bytes of readonly  data memory
    274 bytes of readwrite data memory

Errors: none
Warnings: none
